public class com.example.Reflector.TestClasses.ClassImplementsOneInterface implements com.example.Reflector.TestClasses.Interface1 {
	com.example.Reflector.TestClasses.ClassImplementsOneInterface() {
	}
}
