public class com.example.Reflector.TestClasses.GenericClass<T> {
	private T field;
	com.example.Reflector.TestClasses.GenericClass() {
	}
	public void setField(T) {
		return;
	}
	public T getField() {
		return null;
	}
}
